running egg_info
creating ../../build/robot_arm/robot_arm.egg-info
writing ../../build/robot_arm/robot_arm.egg-info/PKG-INFO
writing dependency_links to ../../build/robot_arm/robot_arm.egg-info/dependency_links.txt
writing entry points to ../../build/robot_arm/robot_arm.egg-info/entry_points.txt
writing requirements to ../../build/robot_arm/robot_arm.egg-info/requires.txt
writing top-level names to ../../build/robot_arm/robot_arm.egg-info/top_level.txt
writing manifest file '../../build/robot_arm/robot_arm.egg-info/SOURCES.txt'
reading manifest file '../../build/robot_arm/robot_arm.egg-info/SOURCES.txt'
writing manifest file '../../build/robot_arm/robot_arm.egg-info/SOURCES.txt'
running build
running build_py
creating /home/hkumar456/6dof_arm/build/robot_arm/build
creating /home/hkumar456/6dof_arm/build/robot_arm/build/lib
creating /home/hkumar456/6dof_arm/build/robot_arm/build/lib/robot_arm
copying robot_arm/joint_space_cubic_trajectory_node.py -> /home/hkumar456/6dof_arm/build/robot_arm/build/lib/robot_arm
copying robot_arm/__init__.py -> /home/hkumar456/6dof_arm/build/robot_arm/build/lib/robot_arm
running install
running install_lib
creating /home/hkumar456/6dof_arm/install/robot_arm/lib/python3.10/site-packages/robot_arm
copying /home/hkumar456/6dof_arm/build/robot_arm/build/lib/robot_arm/joint_space_cubic_trajectory_node.py -> /home/hkumar456/6dof_arm/install/robot_arm/lib/python3.10/site-packages/robot_arm
copying /home/hkumar456/6dof_arm/build/robot_arm/build/lib/robot_arm/__init__.py -> /home/hkumar456/6dof_arm/install/robot_arm/lib/python3.10/site-packages/robot_arm
byte-compiling /home/hkumar456/6dof_arm/install/robot_arm/lib/python3.10/site-packages/robot_arm/joint_space_cubic_trajectory_node.py to joint_space_cubic_trajectory_node.cpython-310.pyc
byte-compiling /home/hkumar456/6dof_arm/install/robot_arm/lib/python3.10/site-packages/robot_arm/__init__.py to __init__.cpython-310.pyc
running install_data
creating /home/hkumar456/6dof_arm/install/robot_arm/share/ament_index
creating /home/hkumar456/6dof_arm/install/robot_arm/share/ament_index/resource_index
creating /home/hkumar456/6dof_arm/install/robot_arm/share/ament_index/resource_index/packages
copying resource/robot_arm -> /home/hkumar456/6dof_arm/install/robot_arm/share/ament_index/resource_index/packages
copying package.xml -> /home/hkumar456/6dof_arm/install/robot_arm/share/robot_arm
creating /home/hkumar456/6dof_arm/install/robot_arm/share/robot_arm/launch
copying launch/display.py -> /home/hkumar456/6dof_arm/install/robot_arm/share/robot_arm/launch
creating /home/hkumar456/6dof_arm/install/robot_arm/share/robot_arm/URDF
copying URDF/old1.urdf -> /home/hkumar456/6dof_arm/install/robot_arm/share/robot_arm/URDF
copying URDF/old.urdf -> /home/hkumar456/6dof_arm/install/robot_arm/share/robot_arm/URDF
copying URDF/LR-Mate-200iC.urdf -> /home/hkumar456/6dof_arm/install/robot_arm/share/robot_arm/URDF
creating /home/hkumar456/6dof_arm/install/robot_arm/share/robot_arm/meshes
copying meshes/Link5.STL -> /home/hkumar456/6dof_arm/install/robot_arm/share/robot_arm/meshes
copying meshes/Link3.STL -> /home/hkumar456/6dof_arm/install/robot_arm/share/robot_arm/meshes
copying meshes/Link2.STL -> /home/hkumar456/6dof_arm/install/robot_arm/share/robot_arm/meshes
copying meshes/Link1.STL -> /home/hkumar456/6dof_arm/install/robot_arm/share/robot_arm/meshes
copying meshes/Link4.STL -> /home/hkumar456/6dof_arm/install/robot_arm/share/robot_arm/meshes
copying meshes/Link6.STL -> /home/hkumar456/6dof_arm/install/robot_arm/share/robot_arm/meshes
copying meshes/base_link.STL -> /home/hkumar456/6dof_arm/install/robot_arm/share/robot_arm/meshes
running install_egg_info
Copying ../../build/robot_arm/robot_arm.egg-info to /home/hkumar456/6dof_arm/install/robot_arm/lib/python3.10/site-packages/robot_arm-0.0.0-py3.10.egg-info
running install_scripts
Installing joint_space_cubic_trajectory_node script to /home/hkumar456/6dof_arm/install/robot_arm/lib/robot_arm
writing list of installed files to '/home/hkumar456/6dof_arm/build/robot_arm/install.log'
