[0.553s] Invoking command in '/home/hkumar456/6dof_arm/src/robot_arm': PYTHONPATH=/home/hkumar456/6dof_arm/build/robot_arm/prefix_override:/usr/lib/python3/dist-packages/colcon_core/task/python/colcon_distutils_commands:/home/hkumar456/6dof_arm/install/robot_arm/lib/python3.10/site-packages:${PYTHONPATH} /usr/bin/python3 -W ignore:setup.py install is deprecated -W ignore:easy_install command is deprecated setup.py egg_info --egg-base ../../build/robot_arm build --build-base /home/hkumar456/6dof_arm/build/robot_arm/build install --record /home/hkumar456/6dof_arm/build/robot_arm/install.log --single-version-externally-managed install_data
[0.712s] running egg_info
[0.712s] creating ../../build/robot_arm/robot_arm.egg-info
[0.713s] writing ../../build/robot_arm/robot_arm.egg-info/PKG-INFO
[0.713s] writing dependency_links to ../../build/robot_arm/robot_arm.egg-info/dependency_links.txt
[0.713s] writing entry points to ../../build/robot_arm/robot_arm.egg-info/entry_points.txt
[0.713s] writing requirements to ../../build/robot_arm/robot_arm.egg-info/requires.txt
[0.713s] writing top-level names to ../../build/robot_arm/robot_arm.egg-info/top_level.txt
[0.713s] writing manifest file '../../build/robot_arm/robot_arm.egg-info/SOURCES.txt'
[0.715s] reading manifest file '../../build/robot_arm/robot_arm.egg-info/SOURCES.txt'
[0.716s] writing manifest file '../../build/robot_arm/robot_arm.egg-info/SOURCES.txt'
[0.727s] running build
[0.727s] running build_py
[0.727s] creating /home/hkumar456/6dof_arm/build/robot_arm/build
[0.727s] creating /home/hkumar456/6dof_arm/build/robot_arm/build/lib
[0.727s] creating /home/hkumar456/6dof_arm/build/robot_arm/build/lib/robot_arm
[0.728s] copying robot_arm/joint_space_cubic_trajectory_node.py -> /home/hkumar456/6dof_arm/build/robot_arm/build/lib/robot_arm
[0.728s] copying robot_arm/__init__.py -> /home/hkumar456/6dof_arm/build/robot_arm/build/lib/robot_arm
[0.728s] running install
[0.729s] running install_lib
[0.730s] creating /home/hkumar456/6dof_arm/install/robot_arm/lib/python3.10/site-packages/robot_arm
[0.730s] copying /home/hkumar456/6dof_arm/build/robot_arm/build/lib/robot_arm/joint_space_cubic_trajectory_node.py -> /home/hkumar456/6dof_arm/install/robot_arm/lib/python3.10/site-packages/robot_arm
[0.730s] copying /home/hkumar456/6dof_arm/build/robot_arm/build/lib/robot_arm/__init__.py -> /home/hkumar456/6dof_arm/install/robot_arm/lib/python3.10/site-packages/robot_arm
[0.731s] byte-compiling /home/hkumar456/6dof_arm/install/robot_arm/lib/python3.10/site-packages/robot_arm/joint_space_cubic_trajectory_node.py to joint_space_cubic_trajectory_node.cpython-310.pyc
[0.735s] byte-compiling /home/hkumar456/6dof_arm/install/robot_arm/lib/python3.10/site-packages/robot_arm/__init__.py to __init__.cpython-310.pyc
[0.735s] running install_data
[0.735s] creating /home/hkumar456/6dof_arm/install/robot_arm/share/ament_index
[0.736s] creating /home/hkumar456/6dof_arm/install/robot_arm/share/ament_index/resource_index
[0.736s] creating /home/hkumar456/6dof_arm/install/robot_arm/share/ament_index/resource_index/packages
[0.736s] copying resource/robot_arm -> /home/hkumar456/6dof_arm/install/robot_arm/share/ament_index/resource_index/packages
[0.736s] copying package.xml -> /home/hkumar456/6dof_arm/install/robot_arm/share/robot_arm
[0.736s] creating /home/hkumar456/6dof_arm/install/robot_arm/share/robot_arm/launch
[0.736s] copying launch/display.py -> /home/hkumar456/6dof_arm/install/robot_arm/share/robot_arm/launch
[0.737s] creating /home/hkumar456/6dof_arm/install/robot_arm/share/robot_arm/URDF
[0.737s] copying URDF/old1.urdf -> /home/hkumar456/6dof_arm/install/robot_arm/share/robot_arm/URDF
[0.738s] copying URDF/old.urdf -> /home/hkumar456/6dof_arm/install/robot_arm/share/robot_arm/URDF
[0.740s] copying URDF/LR-Mate-200iC.urdf -> /home/hkumar456/6dof_arm/install/robot_arm/share/robot_arm/URDF
[0.740s] creating /home/hkumar456/6dof_arm/install/robot_arm/share/robot_arm/meshes
[0.740s] copying meshes/Link5.STL -> /home/hkumar456/6dof_arm/install/robot_arm/share/robot_arm/meshes
[0.743s] copying meshes/Link3.STL -> /home/hkumar456/6dof_arm/install/robot_arm/share/robot_arm/meshes
[0.746s] copying meshes/Link2.STL -> /home/hkumar456/6dof_arm/install/robot_arm/share/robot_arm/meshes
[0.749s] copying meshes/Link1.STL -> /home/hkumar456/6dof_arm/install/robot_arm/share/robot_arm/meshes
[0.751s] copying meshes/Link4.STL -> /home/hkumar456/6dof_arm/install/robot_arm/share/robot_arm/meshes
[0.754s] copying meshes/Link6.STL -> /home/hkumar456/6dof_arm/install/robot_arm/share/robot_arm/meshes
[0.755s] copying meshes/base_link.STL -> /home/hkumar456/6dof_arm/install/robot_arm/share/robot_arm/meshes
[0.764s] running install_egg_info
[0.766s] Copying ../../build/robot_arm/robot_arm.egg-info to /home/hkumar456/6dof_arm/install/robot_arm/lib/python3.10/site-packages/robot_arm-0.0.0-py3.10.egg-info
[0.770s] running install_scripts
[0.797s] Installing joint_space_cubic_trajectory_node script to /home/hkumar456/6dof_arm/install/robot_arm/lib/robot_arm
[0.799s] writing list of installed files to '/home/hkumar456/6dof_arm/build/robot_arm/install.log'
[0.827s] Invoked command in '/home/hkumar456/6dof_arm/src/robot_arm' returned '0': PYTHONPATH=/home/hkumar456/6dof_arm/build/robot_arm/prefix_override:/usr/lib/python3/dist-packages/colcon_core/task/python/colcon_distutils_commands:/home/hkumar456/6dof_arm/install/robot_arm/lib/python3.10/site-packages:${PYTHONPATH} /usr/bin/python3 -W ignore:setup.py install is deprecated -W ignore:easy_install command is deprecated setup.py egg_info --egg-base ../../build/robot_arm build --build-base /home/hkumar456/6dof_arm/build/robot_arm/build install --record /home/hkumar456/6dof_arm/build/robot_arm/install.log --single-version-externally-managed install_data
