[1.096s] Invoking command in '/home/hkumar456/6dof_arm/src/robot_arm': PYTHONPATH=/home/hkumar456/6dof_arm/build/robot_arm/prefix_override:/usr/lib/python3/dist-packages/colcon_core/task/python/colcon_distutils_commands:/home/hkumar456/6dof_arm/install/robot_arm/lib/python3.10/site-packages:${PYTHONPATH} /usr/bin/python3 -W ignore:setup.py install is deprecated -W ignore:easy_install command is deprecated setup.py egg_info --egg-base ../../build/robot_arm build --build-base /home/hkumar456/6dof_arm/build/robot_arm/build install --record /home/hkumar456/6dof_arm/build/robot_arm/install.log --single-version-externally-managed install_data
[1.406s] running egg_info
[1.408s] writing ../../build/robot_arm/robot_arm.egg-info/PKG-INFO
[1.409s] writing dependency_links to ../../build/robot_arm/robot_arm.egg-info/dependency_links.txt
[1.410s] writing entry points to ../../build/robot_arm/robot_arm.egg-info/entry_points.txt
[1.410s] writing requirements to ../../build/robot_arm/robot_arm.egg-info/requires.txt
[1.411s] writing top-level names to ../../build/robot_arm/robot_arm.egg-info/top_level.txt
[1.414s] reading manifest file '../../build/robot_arm/robot_arm.egg-info/SOURCES.txt'
[1.416s] writing manifest file '../../build/robot_arm/robot_arm.egg-info/SOURCES.txt'
[1.416s] running build
[1.416s] running build_py
[1.417s] running install
[1.417s] running install_lib
[1.420s] running install_data
[1.420s] running install_egg_info
[1.423s] removing '/home/hkumar456/6dof_arm/install/robot_arm/lib/python3.10/site-packages/robot_arm-0.0.0-py3.10.egg-info' (and everything under it)
[1.426s] Copying ../../build/robot_arm/robot_arm.egg-info to /home/hkumar456/6dof_arm/install/robot_arm/lib/python3.10/site-packages/robot_arm-0.0.0-py3.10.egg-info
[1.428s] running install_scripts
[1.465s] Installing task_space_cubic_trajectory_node script to /home/hkumar456/6dof_arm/install/robot_arm/lib/robot_arm
[1.466s] writing list of installed files to '/home/hkumar456/6dof_arm/build/robot_arm/install.log'
[1.507s] Invoked command in '/home/hkumar456/6dof_arm/src/robot_arm' returned '0': PYTHONPATH=/home/hkumar456/6dof_arm/build/robot_arm/prefix_override:/usr/lib/python3/dist-packages/colcon_core/task/python/colcon_distutils_commands:/home/hkumar456/6dof_arm/install/robot_arm/lib/python3.10/site-packages:${PYTHONPATH} /usr/bin/python3 -W ignore:setup.py install is deprecated -W ignore:easy_install command is deprecated setup.py egg_info --egg-base ../../build/robot_arm build --build-base /home/hkumar456/6dof_arm/build/robot_arm/build install --record /home/hkumar456/6dof_arm/build/robot_arm/install.log --single-version-externally-managed install_data
