[0.848s] Invoking command in '/home/hkumar456/6dof_arm/src/robot_arm': PYTHONPATH=/home/hkumar456/6dof_arm/build/robot_arm/prefix_override:/usr/lib/python3/dist-packages/colcon_core/task/python/colcon_distutils_commands:/home/hkumar456/6dof_arm/install/robot_arm/lib/python3.10/site-packages:${PYTHONPATH} /usr/bin/python3 -W ignore:setup.py install is deprecated -W ignore:easy_install command is deprecated setup.py egg_info --egg-base ../../build/robot_arm build --build-base /home/hkumar456/6dof_arm/build/robot_arm/build install --record /home/hkumar456/6dof_arm/build/robot_arm/install.log --single-version-externally-managed install_data
[1.000s] running egg_info
[1.001s] writing ../../build/robot_arm/robot_arm.egg-info/PKG-INFO
[1.003s] writing dependency_links to ../../build/robot_arm/robot_arm.egg-info/dependency_links.txt
[1.003s] writing entry points to ../../build/robot_arm/robot_arm.egg-info/entry_points.txt
[1.003s] writing requirements to ../../build/robot_arm/robot_arm.egg-info/requires.txt
[1.003s] writing top-level names to ../../build/robot_arm/robot_arm.egg-info/top_level.txt
[1.004s] reading manifest file '../../build/robot_arm/robot_arm.egg-info/SOURCES.txt'
[1.006s] writing manifest file '../../build/robot_arm/robot_arm.egg-info/SOURCES.txt'
[1.006s] running build
[1.006s] running build_py
[1.006s] copying robot_arm/Joint_Space_Cubic_Trajectory.py -> /home/hkumar456/6dof_arm/build/robot_arm/build/lib/robot_arm
[1.006s] copying robot_arm/Task_Space_Cubic_Trajectory.py -> /home/hkumar456/6dof_arm/build/robot_arm/build/lib/robot_arm
[1.007s] running install
[1.007s] running install_lib
[1.008s] copying /home/hkumar456/6dof_arm/build/robot_arm/build/lib/robot_arm/Joint_Space_Cubic_Trajectory.py -> /home/hkumar456/6dof_arm/install/robot_arm/lib/python3.10/site-packages/robot_arm
[1.008s] copying /home/hkumar456/6dof_arm/build/robot_arm/build/lib/robot_arm/Task_Space_Cubic_Trajectory.py -> /home/hkumar456/6dof_arm/install/robot_arm/lib/python3.10/site-packages/robot_arm
[1.008s] byte-compiling /home/hkumar456/6dof_arm/install/robot_arm/lib/python3.10/site-packages/robot_arm/Joint_Space_Cubic_Trajectory.py to Joint_Space_Cubic_Trajectory.cpython-310.pyc
[1.014s] byte-compiling /home/hkumar456/6dof_arm/install/robot_arm/lib/python3.10/site-packages/robot_arm/Task_Space_Cubic_Trajectory.py to Task_Space_Cubic_Trajectory.cpython-310.pyc
[1.017s] running install_data
[1.017s] copying launch/launch.py -> /home/hkumar456/6dof_arm/install/robot_arm/share/robot_arm/launch
[1.017s] running install_egg_info
[1.019s] removing '/home/hkumar456/6dof_arm/install/robot_arm/lib/python3.10/site-packages/robot_arm-0.0.0-py3.10.egg-info' (and everything under it)
[1.020s] Copying ../../build/robot_arm/robot_arm.egg-info to /home/hkumar456/6dof_arm/install/robot_arm/lib/python3.10/site-packages/robot_arm-0.0.0-py3.10.egg-info
[1.023s] running install_scripts
[1.041s] Installing joint_space_cubic_trajectory_node script to /home/hkumar456/6dof_arm/install/robot_arm/lib/robot_arm
[1.041s] writing list of installed files to '/home/hkumar456/6dof_arm/build/robot_arm/install.log'
[1.062s] Invoked command in '/home/hkumar456/6dof_arm/src/robot_arm' returned '0': PYTHONPATH=/home/hkumar456/6dof_arm/build/robot_arm/prefix_override:/usr/lib/python3/dist-packages/colcon_core/task/python/colcon_distutils_commands:/home/hkumar456/6dof_arm/install/robot_arm/lib/python3.10/site-packages:${PYTHONPATH} /usr/bin/python3 -W ignore:setup.py install is deprecated -W ignore:easy_install command is deprecated setup.py egg_info --egg-base ../../build/robot_arm build --build-base /home/hkumar456/6dof_arm/build/robot_arm/build install --record /home/hkumar456/6dof_arm/build/robot_arm/install.log --single-version-externally-managed install_data
