[0.741s] Invoking command in '/home/hkumar456/6dof_arm/src/robot_arm': PYTHONPATH=/home/hkumar456/6dof_arm/build/robot_arm/prefix_override:/usr/lib/python3/dist-packages/colcon_core/task/python/colcon_distutils_commands:/home/hkumar456/6dof_arm/install/robot_arm/lib/python3.10/site-packages:${PYTHONPATH} /usr/bin/python3 -W ignore:setup.py install is deprecated -W ignore:easy_install command is deprecated setup.py egg_info --egg-base ../../build/robot_arm build --build-base /home/hkumar456/6dof_arm/build/robot_arm/build install --record /home/hkumar456/6dof_arm/build/robot_arm/install.log --single-version-externally-managed install_data
[0.904s] running egg_info
[0.907s] writing ../../build/robot_arm/robot_arm.egg-info/PKG-INFO
[0.907s] writing dependency_links to ../../build/robot_arm/robot_arm.egg-info/dependency_links.txt
[0.907s] writing entry points to ../../build/robot_arm/robot_arm.egg-info/entry_points.txt
[0.908s] writing requirements to ../../build/robot_arm/robot_arm.egg-info/requires.txt
[0.908s] writing top-level names to ../../build/robot_arm/robot_arm.egg-info/top_level.txt
[0.914s] reading manifest file '../../build/robot_arm/robot_arm.egg-info/SOURCES.txt'
[0.916s] writing manifest file '../../build/robot_arm/robot_arm.egg-info/SOURCES.txt'
[0.916s] running build
[0.916s] running build_py
[0.917s] copying robot_arm/Joint_Space_Cubic_Trajectory.py -> /home/hkumar456/6dof_arm/build/robot_arm/build/lib/robot_arm
[0.918s] copying robot_arm/Joint_Space_Quintic_Trajectory.py -> /home/hkumar456/6dof_arm/build/robot_arm/build/lib/robot_arm
[0.918s] running install
[0.918s] running install_lib
[0.920s] copying /home/hkumar456/6dof_arm/build/robot_arm/build/lib/robot_arm/Joint_Space_Cubic_Trajectory.py -> /home/hkumar456/6dof_arm/install/robot_arm/lib/python3.10/site-packages/robot_arm
[0.920s] copying /home/hkumar456/6dof_arm/build/robot_arm/build/lib/robot_arm/Joint_Space_Quintic_Trajectory.py -> /home/hkumar456/6dof_arm/install/robot_arm/lib/python3.10/site-packages/robot_arm
[0.922s] byte-compiling /home/hkumar456/6dof_arm/install/robot_arm/lib/python3.10/site-packages/robot_arm/Joint_Space_Cubic_Trajectory.py to Joint_Space_Cubic_Trajectory.cpython-310.pyc
[0.927s] byte-compiling /home/hkumar456/6dof_arm/install/robot_arm/lib/python3.10/site-packages/robot_arm/Joint_Space_Quintic_Trajectory.py to Joint_Space_Quintic_Trajectory.cpython-310.pyc
[0.929s] running install_data
[0.930s] running install_egg_info
[0.931s] removing '/home/hkumar456/6dof_arm/install/robot_arm/lib/python3.10/site-packages/robot_arm-0.0.0-py3.10.egg-info' (and everything under it)
[0.944s] Copying ../../build/robot_arm/robot_arm.egg-info to /home/hkumar456/6dof_arm/install/robot_arm/lib/python3.10/site-packages/robot_arm-0.0.0-py3.10.egg-info
[0.946s] running install_scripts
[0.964s] Installing joint_space_cubic_trajectory_node script to /home/hkumar456/6dof_arm/install/robot_arm/lib/robot_arm
[0.966s] writing list of installed files to '/home/hkumar456/6dof_arm/build/robot_arm/install.log'
[0.986s] Invoked command in '/home/hkumar456/6dof_arm/src/robot_arm' returned '0': PYTHONPATH=/home/hkumar456/6dof_arm/build/robot_arm/prefix_override:/usr/lib/python3/dist-packages/colcon_core/task/python/colcon_distutils_commands:/home/hkumar456/6dof_arm/install/robot_arm/lib/python3.10/site-packages:${PYTHONPATH} /usr/bin/python3 -W ignore:setup.py install is deprecated -W ignore:easy_install command is deprecated setup.py egg_info --egg-base ../../build/robot_arm build --build-base /home/hkumar456/6dof_arm/build/robot_arm/build install --record /home/hkumar456/6dof_arm/build/robot_arm/install.log --single-version-externally-managed install_data
