running egg_info
writing ../../build/robot_arm/robot_arm.egg-info/PKG-INFO
writing dependency_links to ../../build/robot_arm/robot_arm.egg-info/dependency_links.txt
writing entry points to ../../build/robot_arm/robot_arm.egg-info/entry_points.txt
writing requirements to ../../build/robot_arm/robot_arm.egg-info/requires.txt
writing top-level names to ../../build/robot_arm/robot_arm.egg-info/top_level.txt
reading manifest file '../../build/robot_arm/robot_arm.egg-info/SOURCES.txt'
writing manifest file '../../build/robot_arm/robot_arm.egg-info/SOURCES.txt'
running build
running build_py
copying robot_arm/Joint_Space_Cubic_Trajectory_node.py -> /home/hkumar456/6dof_arm/build/robot_arm/build/lib/robot_arm
running install
running install_lib
copying /home/hkumar456/6dof_arm/build/robot_arm/build/lib/robot_arm/Joint_Space_Cubic_Trajectory_node.py -> /home/hkumar456/6dof_arm/install/robot_arm/lib/python3.10/site-packages/robot_arm
byte-compiling /home/hkumar456/6dof_arm/install/robot_arm/lib/python3.10/site-packages/robot_arm/Joint_Space_Cubic_Trajectory_node.py to Joint_Space_Cubic_Trajectory_node.cpython-310.pyc
running install_data
copying URDF/LR-Mate-200iC.urdf -> /home/hkumar456/6dof_arm/install/robot_arm/share/robot_arm/URDF
running install_egg_info
removing '/home/hkumar456/6dof_arm/install/robot_arm/lib/python3.10/site-packages/robot_arm-0.0.0-py3.10.egg-info' (and everything under it)
Copying ../../build/robot_arm/robot_arm.egg-info to /home/hkumar456/6dof_arm/install/robot_arm/lib/python3.10/site-packages/robot_arm-0.0.0-py3.10.egg-info
running install_scripts
Installing joint_space_cubic_trajectory_node script to /home/hkumar456/6dof_arm/install/robot_arm/lib/robot_arm
writing list of installed files to '/home/hkumar456/6dof_arm/build/robot_arm/install.log'
