/home/hkumar456/6dof_arm/install/robot_arm/lib/python3.10/site-packages/robot_arm/Joint_Space_Cubic_Trajectory.py
/home/hkumar456/6dof_arm/install/robot_arm/lib/python3.10/site-packages/robot_arm/__init__.py
/home/hkumar456/6dof_arm/install/robot_arm/lib/python3.10/site-packages/robot_arm/Task_Space_Cubic_Trajectory.py
/home/hkumar456/6dof_arm/install/robot_arm/lib/python3.10/site-packages/robot_arm/__pycache__/Joint_Space_Cubic_Trajectory.cpython-310.pyc
/home/hkumar456/6dof_arm/install/robot_arm/lib/python3.10/site-packages/robot_arm/__pycache__/__init__.cpython-310.pyc
/home/hkumar456/6dof_arm/install/robot_arm/lib/python3.10/site-packages/robot_arm/__pycache__/Task_Space_Cubic_Trajectory.cpython-310.pyc
/home/hkumar456/6dof_arm/install/robot_arm/share/ament_index/resource_index/packages/robot_arm
/home/hkumar456/6dof_arm/install/robot_arm/share/robot_arm/package.xml
/home/hkumar456/6dof_arm/install/robot_arm/share/robot_arm/launch/launch.py
/home/hkumar456/6dof_arm/install/robot_arm/share/robot_arm/URDF/old1.urdf
/home/hkumar456/6dof_arm/install/robot_arm/share/robot_arm/URDF/old.urdf
/home/hkumar456/6dof_arm/install/robot_arm/share/robot_arm/URDF/LR-Mate-200iC.urdf
/home/hkumar456/6dof_arm/install/robot_arm/share/robot_arm/meshes/Link5.STL
/home/hkumar456/6dof_arm/install/robot_arm/share/robot_arm/meshes/Link3.STL
/home/hkumar456/6dof_arm/install/robot_arm/share/robot_arm/meshes/Link2.STL
/home/hkumar456/6dof_arm/install/robot_arm/share/robot_arm/meshes/Link1.STL
/home/hkumar456/6dof_arm/install/robot_arm/share/robot_arm/meshes/Link4.STL
/home/hkumar456/6dof_arm/install/robot_arm/share/robot_arm/meshes/Link6.STL
/home/hkumar456/6dof_arm/install/robot_arm/share/robot_arm/meshes/base_link.STL
/home/hkumar456/6dof_arm/install/robot_arm/lib/python3.10/site-packages/robot_arm-0.0.0-py3.10.egg-info/top_level.txt
/home/hkumar456/6dof_arm/install/robot_arm/lib/python3.10/site-packages/robot_arm-0.0.0-py3.10.egg-info/entry_points.txt
/home/hkumar456/6dof_arm/install/robot_arm/lib/python3.10/site-packages/robot_arm-0.0.0-py3.10.egg-info/zip-safe
/home/hkumar456/6dof_arm/install/robot_arm/lib/python3.10/site-packages/robot_arm-0.0.0-py3.10.egg-info/SOURCES.txt
/home/hkumar456/6dof_arm/install/robot_arm/lib/python3.10/site-packages/robot_arm-0.0.0-py3.10.egg-info/dependency_links.txt
/home/hkumar456/6dof_arm/install/robot_arm/lib/python3.10/site-packages/robot_arm-0.0.0-py3.10.egg-info/requires.txt
/home/hkumar456/6dof_arm/install/robot_arm/lib/python3.10/site-packages/robot_arm-0.0.0-py3.10.egg-info/PKG-INFO
/home/hkumar456/6dof_arm/install/robot_arm/lib/robot_arm/task_space_cubic_trajectory_node
