[0.406s] Invoking command in '/home/hkumar456/6dof_arm/src/robot_arm': PYTHONPATH=/home/hkumar456/6dof_arm/build/robot_arm/prefix_override:/usr/lib/python3/dist-packages/colcon_core/task/python/colcon_distutils_commands:/home/hkumar456/6dof_arm/install/robot_arm/lib/python3.10/site-packages:${PYTHONPATH} /usr/bin/python3 -W ignore:setup.py install is deprecated -W ignore:easy_install command is deprecated setup.py egg_info --egg-base ../../build/robot_arm build --build-base /home/hkumar456/6dof_arm/build/robot_arm/build install --record /home/hkumar456/6dof_arm/build/robot_arm/install.log --single-version-externally-managed install_data
[0.524s] running egg_info
[0.524s] writing ../../build/robot_arm/robot_arm.egg-info/PKG-INFO
[0.527s] writing dependency_links to ../../build/robot_arm/robot_arm.egg-info/dependency_links.txt
[0.528s] writing entry points to ../../build/robot_arm/robot_arm.egg-info/entry_points.txt
[0.528s] writing requirements to ../../build/robot_arm/robot_arm.egg-info/requires.txt
[0.528s] writing top-level names to ../../build/robot_arm/robot_arm.egg-info/top_level.txt
[0.530s] reading manifest file '../../build/robot_arm/robot_arm.egg-info/SOURCES.txt'
[0.530s] writing manifest file '../../build/robot_arm/robot_arm.egg-info/SOURCES.txt'
[0.531s] running build
[0.531s] running build_py
[0.531s] copying robot_arm/joint_space_cubic_trajectory_node.py -> /home/hkumar456/6dof_arm/build/robot_arm/build/lib/robot_arm
[0.533s] running install
[0.533s] running install_lib
[0.533s] copying /home/hkumar456/6dof_arm/build/robot_arm/build/lib/robot_arm/joint_space_cubic_trajectory_node.py -> /home/hkumar456/6dof_arm/install/robot_arm/lib/python3.10/site-packages/robot_arm
[0.535s] byte-compiling /home/hkumar456/6dof_arm/install/robot_arm/lib/python3.10/site-packages/robot_arm/joint_space_cubic_trajectory_node.py to joint_space_cubic_trajectory_node.cpython-310.pyc
[0.539s] running install_data
[0.540s] running install_egg_info
[0.541s] removing '/home/hkumar456/6dof_arm/install/robot_arm/lib/python3.10/site-packages/robot_arm-0.0.0-py3.10.egg-info' (and everything under it)
[0.546s] Copying ../../build/robot_arm/robot_arm.egg-info to /home/hkumar456/6dof_arm/install/robot_arm/lib/python3.10/site-packages/robot_arm-0.0.0-py3.10.egg-info
[0.547s] running install_scripts
[0.562s] Installing joint_space_cubic_trajectory_node script to /home/hkumar456/6dof_arm/install/robot_arm/lib/robot_arm
[0.563s] writing list of installed files to '/home/hkumar456/6dof_arm/build/robot_arm/install.log'
[0.584s] Invoked command in '/home/hkumar456/6dof_arm/src/robot_arm' returned '0': PYTHONPATH=/home/hkumar456/6dof_arm/build/robot_arm/prefix_override:/usr/lib/python3/dist-packages/colcon_core/task/python/colcon_distutils_commands:/home/hkumar456/6dof_arm/install/robot_arm/lib/python3.10/site-packages:${PYTHONPATH} /usr/bin/python3 -W ignore:setup.py install is deprecated -W ignore:easy_install command is deprecated setup.py egg_info --egg-base ../../build/robot_arm build --build-base /home/hkumar456/6dof_arm/build/robot_arm/build install --record /home/hkumar456/6dof_arm/build/robot_arm/install.log --single-version-externally-managed install_data
